    Building arm64-v8a (aarch64-linux-android)
warning: direct cast of function item into an integer
  --> libs/hbb_common/src/platform/mod.rs:80:62
   |
80 |         libc::signal(libc::SIGSEGV, breakdown_signal_handler as _);
   |                                                              ^^^^
   |
   = note: `#[warn(function_casts_as_integer)]` on by default
help: first cast to a pointer `as *const ()`
   |
80 |         libc::signal(libc::SIGSEGV, breakdown_signal_handler as *const () as _);
   |                                                              ++++++++++++

warning: `hbb_common` (lib) generated 1 warning (run `cargo fix --lib -p hbb_common` to apply 1 suggestion)
warning: `hbb_common` (lib) generated 1 warning (1 duplicate)
warning: unused variable: `java_vm`
   --> libs/scrap/src/android/ffi.rs:217:13
    |
217 |         let java_vm = jvm.get_java_vm_pointer() as *mut c_void;
    |             ^^^^^^^ help: if this is intentional, prefix it with an underscore: `_java_vm`
    |
    = note: `#[warn(unused_variables)]` (part of `#[warn(unused)]`) on by default

warning: unused variable: `env`
   --> libs/scrap/src/android/ffi.rs:486:15
    |
486 |     if let Ok(env) = vm.get_env() {
    |               ^^^ help: if this is intentional, prefix it with an underscore: `_env`

warning: unused variable: `java_vm`
   --> libs/scrap/src/android/ffi.rs:505:17
    |
505 |             let java_vm = jvm.get_java_vm_pointer() as *mut c_void;
    |                 ^^^^^^^ help: if this is intentional, prefix it with an underscore: `_java_vm`

warning: struct `HwCodecConfig2` is never constructed
   --> libs/scrap/src/common/hwcodec.rs:510:8
    |
510 | struct HwCodecConfig2 {
    |        ^^^^^^^^^^^^^^
    |
    = note: `#[warn(dead_code)]` (part of `#[warn(unused)]`) on by default

warning: `scrap` (lib) generated 4 warnings (run `cargo fix --lib -p scrap` to apply 3 suggestions)
   Compiling rustdesk v1.4.6 (/Users/klxy/Desktop/Main/Projects/Rustdesk)
error[E0583]: file not found for module `bridge_generated`
  --> src/lib.rs:34:1
   |
34 | mod bridge_generated;
   | ^^^^^^^^^^^^^^^^^^^^^
   |
   = help: to create the module `bridge_generated`, create file "src/bridge_generated.rs" or "src/bridge_generated/mod.rs"
   = note: if there is a `mod bridge_generated` elsewhere in the crate already, import it with `use crate::...` instead

warning: unused imports: `keys` and `option2bool`
  --> src/server/clipboard_service.rs:19:26
   |
19 | use hbb_common::config::{keys, option2bool};
   |                          ^^^^  ^^^^^^^^^^^
   |
   = note: `#[warn(unused_imports)]` (part of `#[warn(unused)]`) on by default

warning: unused imports: `RecvTimeoutError`, `channel`, and `io`
  --> src/server/clipboard_service.rs:23:5
   |
23 |     io,
   |     ^^
24 |     sync::mpsc::{channel, RecvTimeoutError},
   |                  ^^^^^^^  ^^^^^^^^^^^^^^^^

warning: unused import: `RecvTimeoutError`
  --> src/client.rs:24:22
   |
24 |         mpsc::{self, RecvTimeoutError},
   |                      ^^^^^^^^^^^^^^^^

warning: unused import: `message_proto::*`
 --> src/client/screenshot.rs:3:18
  |
3 | use hbb_common::{message_proto::*, ResultType};
  |                  ^^^^^^^^^^^^^^^^

warning: unused import: `is_installed`
  --> src/common.rs:42:69
   |
42 |     ui_interface::{get_api_server as ui_get_api_server, get_option, is_installed, set_option},
   |                                                                     ^^^^^^^^^^^^

warning: unused import: `self`
  --> src/ipc.rs:28:16
   |
28 |         keys::{self, OPTION_ALLOW_WEBSOCKET},
   |                ^^^^

warning: unused imports: `Duration` and `path::PathBuf`
  --> src/flutter_ffi.rs:26:5
   |
26 |     path::PathBuf,
   |     ^^^^^^^^^^^^^
...
31 |     time::{Duration, SystemTime},
   |            ^^^^^^^^

warning: unused imports: `Error as JniError`, `JObject`, and `Result as JniResult`
    --> src/flutter_ffi.rs:2983:18
     |
2983 |         errors::{Error as JniError, Result as JniResult},
     |                  ^^^^^^^^^^^^^^^^^  ^^^^^^^^^^^^^^^^^^^
2984 |         objects::{JClass, JObject, JString},
     |                           ^^^^^^^

warning: unused imports: `ResultType`, `bail`, and `log`
 --> src/clipboard.rs:3:18
  |
3 | use hbb_common::{bail, log, message_proto::*, ResultType};
  |                  ^^^^  ^^^                    ^^^^^^^^^^

warning: unused imports: `Arc`, `Mutex`, and `time::Duration`
 --> src/clipboard.rs:5:12
  |
5 |     sync::{Arc, Mutex},
  |            ^^^  ^^^^^
6 |     time::Duration,
  |     ^^^^^^^^^^^^^^

warning: unused import: `decompress`
   --> src/clipboard.rs:540:47
    |
540 |         compress::{compress as compress_func, decompress},
    |                                               ^^^^^^^^^^

warning: unused import: `bail`
  --> src/ui_cm_interface.rs:14:16
   |
14 |     allow_err, bail,
   |                ^^^^

warning: use of deprecated function `hbb_common::base64::encode`: Use Engine::encode
   --> src/hbbs_http/sync.rs:187:52
    |
187 |                         hash = hbb_common::base64::encode(&res[..]);
    |                                                    ^^^^^^
    |
    = note: `#[warn(deprecated)]` on by default

error[E0277]: the trait bound `EventToUI: IntoIntoDart<_>` is not satisfied
   --> src/flutter.rs:585:28
    |
585 |                     stream.add(EventToUI::Event(out.clone()));
    |                            ^^^ unsatisfied trait bound
    |
help: the trait `IntoIntoDart<_>` is not implemented for `EventToUI`
   --> src/flutter_ffi.rs:95:1
    |
 95 | pub enum EventToUI {
    | ^^^^^^^^^^^^^^^^^^
    = help: the following other types implement trait `IntoIntoDart<D>`:
              `()` implements `IntoIntoDart<()>`
              `(A, B)` implements `IntoIntoDart<(AD, BD)>`
              `(A, B, C)` implements `IntoIntoDart<(AD, BD, CD)>`
              `(A, B, C, D)` implements `IntoIntoDart<(AD, BD, CD, DD)>`
              `(A, B, C, D, E)` implements `IntoIntoDart<(AD, BD, CD, DD, ED)>`
              `Box<T>` implements `IntoIntoDart<T>`
              `DartCObject` implements `IntoIntoDart<DartCObject>`
              `DartOpaque` implements `IntoIntoDart<DartOpaque>`
            and 23 others
note: required by a bound in `StreamSink::<T>::add`
   --> /Users/klxy/.cargo/registry/src/index.crates.io-1949cf8c6b5b557f/flutter_rust_bridge-1.80.1/src/rust2dart.rs:139:12
    |
137 |     pub fn add<D: IntoDart>(&self, value: T) -> bool
    |            --- required by a bound in this associated function
138 |     where
139 |         T: IntoIntoDart<D>,
    |            ^^^^^^^^^^^^^^^ required by this bound in `StreamSink::<T>::add`

error[E0277]: the trait bound `EventToUI: IntoIntoDart<_>` is not satisfied
    --> src/flutter.rs:1229:24
     |
1229 |                 stream.add(EventToUI::Rgba(display));
     |                        ^^^ unsatisfied trait bound
     |
help: the trait `IntoIntoDart<_>` is not implemented for `EventToUI`
    --> src/flutter_ffi.rs:95:1
     |
  95 | pub enum EventToUI {
     | ^^^^^^^^^^^^^^^^^^
     = help: the following other types implement trait `IntoIntoDart<D>`:
               `()` implements `IntoIntoDart<()>`
               `(A, B)` implements `IntoIntoDart<(AD, BD)>`
               `(A, B, C)` implements `IntoIntoDart<(AD, BD, CD)>`
               `(A, B, C, D)` implements `IntoIntoDart<(AD, BD, CD, DD)>`
               `(A, B, C, D, E)` implements `IntoIntoDart<(AD, BD, CD, DD, ED)>`
               `Box<T>` implements `IntoIntoDart<T>`
               `DartCObject` implements `IntoIntoDart<DartCObject>`
               `DartOpaque` implements `IntoIntoDart<DartOpaque>`
             and 23 others
note: required by a bound in `StreamSink::<T>::add`
    --> /Users/klxy/.cargo/registry/src/index.crates.io-1949cf8c6b5b557f/flutter_rust_bridge-1.80.1/src/rust2dart.rs:139:12
     |
 137 |     pub fn add<D: IntoDart>(&self, value: T) -> bool
     |            --- required by a bound in this associated function
 138 |     where
 139 |         T: IntoIntoDart<D>,
     |            ^^^^^^^^^^^^^^^ required by this bound in `StreamSink::<T>::add`

error[E0277]: the trait bound `EventToUI: IntoIntoDart<_>` is not satisfied
    --> src/flutter.rs:1428:16
     |
1428 |         stream.add(EventToUI::Event("close".to_owned()));
     |                ^^^ unsatisfied trait bound
     |
help: the trait `IntoIntoDart<_>` is not implemented for `EventToUI`
    --> src/flutter_ffi.rs:95:1
     |
  95 | pub enum EventToUI {
     | ^^^^^^^^^^^^^^^^^^
     = help: the following other types implement trait `IntoIntoDart<D>`:
               `()` implements `IntoIntoDart<()>`
               `(A, B)` implements `IntoIntoDart<(AD, BD)>`
               `(A, B, C)` implements `IntoIntoDart<(AD, BD, CD)>`
               `(A, B, C, D)` implements `IntoIntoDart<(AD, BD, CD, DD)>`
               `(A, B, C, D, E)` implements `IntoIntoDart<(AD, BD, CD, DD, ED)>`
               `Box<T>` implements `IntoIntoDart<T>`
               `DartCObject` implements `IntoIntoDart<DartCObject>`
               `DartOpaque` implements `IntoIntoDart<DartOpaque>`
             and 23 others
note: required by a bound in `StreamSink::<T>::add`
    --> /Users/klxy/.cargo/registry/src/index.crates.io-1949cf8c6b5b557f/flutter_rust_bridge-1.80.1/src/rust2dart.rs:139:12
     |
 137 |     pub fn add<D: IntoDart>(&self, value: T) -> bool
     |            --- required by a bound in this associated function
 138 |     where
 139 |         T: IntoIntoDart<D>,
     |            ^^^^^^^^^^^^^^^ required by this bound in `StreamSink::<T>::add`

warning: unused variable: `control_permissions`
   --> src/server/connection.rs:368:9
    |
368 |         control_permissions: Option<ControlPermissions>,
    |         ^^^^^^^^^^^^^^^^^^^ help: if this is intentional, prefix it with an underscore: `_control_permissions`
    |
    = note: `#[warn(unused_variables)]` (part of `#[warn(unused)]`) on by default

warning: unused variable: `pos`
   --> src/server/connection.rs:878:61
    |
878 |                         Some(message::Union::CursorPosition(pos)) => {
    |                                                             ^^^ help: if this is intentional, prefix it with an underscore: `_pos`

warning: unused variable: `terminal`
    --> src/server/connection.rs:1621:13
     |
1621 |         let mut terminal = cfg!(not(any(target_os = "android", target_os = "ios")));
     |             ^^^^^^^^^^^^ help: if this is intentional, prefix it with an underscore: `_terminal`

warning: unused variable: `action`
    --> src/server/connection.rs:3360:53
     |
3360 |                 Some(message::Union::TerminalAction(action)) => {
     |                                                     ^^^^^^ help: if this is intentional, prefix it with an underscore: `_action`

warning: variable does not need to be mutable
    --> src/client.rs:1489:21
     |
1489 |                 let mut having = lock.occupied_len();
     |                     ----^^^^^^
     |                     |
     |                     help: remove this `mut`
     |
     = note: `#[warn(unused_mut)]` (part of `#[warn(unused)]`) on by default

warning: unused variable: `info`
    --> src/client.rs:1482:35
     |
1482 |             move |data: &mut [T], info: &cpal::OutputCallbackInfo| {
     |                                   ^^^^ help: if this is intentional, prefix it with an underscore: `_info`

warning: unused variable: `session_id`
    --> src/flutter_ffi.rs:1212:30
     |
1212 | pub fn main_set_input_source(session_id: SessionID, value: String) {
     |                              ^^^^^^^^^^ help: if this is intentional, prefix it with an underscore: `_session_id`

warning: unused variable: `value`
    --> src/flutter_ffi.rs:1212:53
     |
1212 | pub fn main_set_input_source(session_id: SessionID, value: String) {
     |                                                     ^^^^^ help: if this is intentional, prefix it with an underscore: `_value`

warning: unused variable: `env`
    --> src/flutter_ffi.rs:3077:9
     |
3077 |         env: JNIEnv,
     |         ^^^ help: if this is intentional, prefix it with an underscore: `_env`

warning: unused variable: `pin`
    --> src/ui_interface.rs:1567:23
     |
1567 | pub fn set_unlock_pin(pin: String) -> String {
     |                       ^^^ help: if this is intentional, prefix it with an underscore: `_pin`

warning: variable does not need to be mutable
   --> src/privacy_mode.rs:140:13
    |
140 |         let mut map: HashMap<&'static str, PrivacyModeCreator> = HashMap::new();
    |             ----^^^
    |             |
    |             help: remove this `mut`

Some errors have detailed explanations: E0277, E0583.
For more information about an error, try `rustc --explain E0277`.
warning: `rustdesk` (lib) generated 24 warnings
error: could not compile `rustdesk` (lib) due to 4 previous errors; 24 warnings emitted
note: If the build failed due to a missing target, you can run this command:
note: 
note:     rustup target install aarch64-linux-android
